parakeet fr-clean run 1: 0.093s, WER 0.000, ok
parakeet fr-clean run 2: 0.089s, WER 0.000, ok
parakeet fr-clean run 3: 0.090s, WER 0.000, ok
parakeet fr-noise10dB run 1: 0.090s, WER 0.000, ok
parakeet fr-noise10dB run 2: 0.088s, WER 0.000, ok
parakeet fr-noise10dB run 3: 0.087s, WER 0.000, ok
parakeet fr-long3x run 1: 0.248s, WER 0.000, ok
parakeet fr-long3x run 2: 0.226s, WER 0.000, ok
parakeet fr-long3x run 3: 0.212s, WER 0.000, ok
parakeet en-clean run 1: 0.082s, WER 0.000, ok
parakeet en-clean run 2: 0.081s, WER 0.000, ok
parakeet en-clean run 3: 0.082s, WER 0.000, ok
parakeet en-noise10dB run 1: 0.079s, WER 0.042, ok
parakeet en-noise10dB run 2: 0.078s, WER 0.042, ok
parakeet en-noise10dB run 3: 0.077s, WER 0.042, ok
parakeet en-long3x run 1: 0.281s, WER 0.000, ok
parakeet en-long3x run 2: 0.217s, WER 0.000, ok
parakeet en-long3x run 3: 0.219s, WER 0.000, ok
parakeet silence10s run 1: 0.067s, WER n/a, ok
parakeet silence10s run 2: 0.070s, WER n/a, ok
parakeet silence10s run 3: 0.068s, WER n/a, ok
