voxtral fr-clean run 1: 15.610s, WER 0.000, ok
voxtral fr-clean run 2: 15.641s, WER 0.000, ok
voxtral fr-clean run 3: 14.693s, WER 0.000, ok
voxtral fr-noise10dB run 1: 14.753s, WER 0.000, ok
voxtral fr-noise10dB run 2: 16.019s, WER 0.000, ok
voxtral fr-noise10dB run 3: 15.407s, WER 0.000, ok
voxtral fr-long3x run 1: 51.066s, WER 0.000, ok
voxtral fr-long3x run 2: 54.051s, WER 0.000, ok
voxtral fr-long3x run 3: 53.469s, WER 0.000, ok
voxtral en-clean run 1: 19.298s, WER 0.000, ok
voxtral en-clean run 2: 19.279s, WER 0.000, ok
voxtral en-clean run 3: 19.255s, WER 0.000, ok
voxtral en-noise10dB run 1: 19.064s, WER 0.042, ok
voxtral en-noise10dB run 2: 18.921s, WER 0.042, ok
voxtral en-noise10dB run 3: 19.076s, WER 0.042, ok
voxtral en-long3x run 1: 53.494s, WER 0.000, ok
voxtral en-long3x run 2: 52.991s, WER 0.000, ok
voxtral en-long3x run 3: 53.876s, WER 0.000, ok
voxtral silence10s run 1: 19.769s, WER n/a, ok
voxtral silence10s run 2: 20.307s, WER n/a, ok
voxtral silence10s run 3: 20.038s, WER n/a, ok
